Drill report for Dron.kicad_pcb
Created on 2026-09-27T21:23:19+0200

Copper Layer Stackup:
    =============================================================
    L1 :  F.Cu                      front
    L2 :  In1.Cu                    in1
    L3 :  In2.Cu                    in2
    L4 :  B.Cu                      back


Drill file 'Dron-PTH.drl' contains
    plated through holes:
    =============================================================
    T1  0,200mm  0,0079"  (12 holes)
    T2  0,300mm  0,0118"  (167 holes)
    T3  0,800mm  0,0315"  (18 holes)
    T4  1,000mm  0,0394"  (4 holes)
    T5  2,200mm  0,0866"  (4 holes)
    T6  2,700mm  0,1063"  (4 holes)

    Total plated holes count 209


Drill file 'Dron-NPTH.drl' contains
    unplated through holes:
    =============================================================

    Total unplated holes count 0
